
Magic 8.3 revision 681 - Compiled on Tue Aug 25 11:50:23 AM CEST 2026.
Starting magic under Tcl interpreter
Using the terminal as the console.
Using NULL graphics device.
Processing system .magicrc file
Switching to WIRING tool.
Switching to NETLIST tool.
Switching to PICK tool.
Switching to BOX tool.
Sourcing design .magicrc for technology ihp-sg13g2 ...
2 Magic internal units = 1 Lambda
Input style sg13g2(): scaleFactor=2, multiplier=2
The following types are not handled by extraction and will be treated as non-electrical types:
    pblock sealcont difffill nemitter hvnemitter hvisodiffres sealvia1 sealvia2 sealvia3 sealvia4 sealvia5 sealvia6 pillar solder seal glass thruvia inductor 
Scaled tech values by 2 / 1 to match internal grid scaling
Loading ihp-sg13g2 Device Generator Menu ...
Loading "/foss/designs/kvosid_336004_ss26/macros/inverter/netlist/pex/pex_inverter.tcl" from command line.
Warning: Calma reading is not undoable!  I hope that's OK.
Library written using GDS-II Release 6.0
Library name: LIB
Reading "$$$CONTEXT_INFO$$$".
Reading "via_stack$7".
Reading "via_stack".
Reading "via_stack$5".
Reading "via_stack$8".
Reading "via_stack$11".
Reading "via_stack$12".
Reading "via_stack$15".
Reading "pmos".
Reading "nmos".
Reading "via_stack$21".
Reading "via_stack$13".
Reading "via_stack$16".
Reading "inverter".
Extracting inverter_pex into /foss/designs/kvosid_336004_ss26/macros/inverter/netlist/pex/inverter_pex.ext:
Processing inverter_pex
inverter_pex: 4 warnings
Processing cell inverter_pex for resistance extraction.
Extracting VSS
Extracting vin
Total Nets: 4
Nets extracted: 2 (0.500000)
Nets output: 1 (0.250000)
Total of 4 warnings.
exttospice finished.
