
Magic 8.3 revision 681 - Compiled on Tue Aug 25 11:50:23 AM CEST 2026.
Starting magic under Tcl interpreter
Using the terminal as the console.
Using NULL graphics device.
Processing system .magicrc file
Switching to WIRING tool.
Switching to NETLIST tool.
Switching to PICK tool.
Switching to BOX tool.
Sourcing design .magicrc for technology ihp-sg13g2 ...
2 Magic internal units = 1 Lambda
Input style sg13g2(): scaleFactor=2, multiplier=2
The following types are not handled by extraction and will be treated as non-electrical types:
    pblock sealcont difffill nemitter hvnemitter hvisodiffres sealvia1 sealvia2 sealvia3 sealvia4 sealvia5 sealvia6 pillar solder seal glass thruvia inductor 
Scaled tech values by 2 / 1 to match internal grid scaling
Loading ihp-sg13g2 Device Generator Menu ...
Loading "/foss/designs/kvosid_336004_ss26/macros/inverter/netlist/pex/pex_inverter_top.tcl" from command line.
Warning: Calma reading is not undoable!  I hope that's OK.
Library written using GDS-II Release 6.0
Library name: LIB
Reading "pmos".
Reading "nmos".
Reading "via_stack".
Reading "via_stack$1".
Reading "via_stack$2".
Reading "via_stack$3".
Reading "via_stack$4".
Reading "via_stack$5".
Reading "via_stack$6".
Reading "via_stack$7".
Reading "via_stack$8".
Reading "via_stack$9".
Reading "inverter".
Reading "via_stack_m3m4_2".
Reading "via_stack_m3m4_1".
Reading "inverter_top".
Extracting inverter_top_pex into /foss/designs/kvosid_336004_ss26/macros/inverter/netlist/pex/inverter_top_pex.ext:
Processing inverter_top_pex
inverter_top_pex: 16 warnings
Processing cell inverter_top_pex for resistance extraction.
Extracting VSS
Extracting VDD
Extracting vin4
Extracting vout4
Extracting vin3
Extracting vout3
Extracting vin2
Extracting vout2
Extracting vin1
Extracting vout1
Total Nets: 10
Nets extracted: 10 (1.000000)
Nets output: 1 (0.100000)
Total of 16 warnings.
exttospice finished.
